apples                              4.98
  1.99 * 2.500
apples                              4.98
  1.99 * 2.500
apples                              4.98
  1.99 * 2.500
3 for 2(apples)                    -4.98

Total:                              9.95
