apples                              4.98
  1.99 * 2.500

Total:                              4.98
