toothbrush                          1.98
  0.99 * 2
apples                              5.97
  1.99 * 3.000
2 for 0.75(toothbrush)             -1.23
2 for 1.0(apples)                  -2.98

Total:                              3.74
