toothbrush                          1.98
  0.99 * 2
apples                             11.94
  1.99 * 6.000
5 for 1.0(apples)                  -8.95

Total:                              4.97
